census: 19 houses, 3752 photos (seed=20260728, per_house=200)
  [200/3752] 7s
  [400/3752] 12s
  [600/3752] 18s
  [800/3752] 21s
  [1000/3752] 27s
  [1200/3752] 29s
  [1400/3752] 32s
  [1600/3752] 35s
  [1800/3752] 58s
  [2000/3752] 62s
  [2200/3752] 65s
  [2400/3752] 68s
  [2600/3752] 71s
  [2800/3752] 74s
  [3000/3752] 83s
  [3200/3752] 86s
  [3400/3752] 90s
  [3600/3752] 94s

house                       pop     n  pooled    m1  valchg  cross    rate    bound
Adolph E. Cahn              993   200     110    41      41     41  0.2050      204
Dr. Jacob Hirsch            710   200     182    16      16     16  0.0800       57
Otto Helbing Nachf.        1177   200     127    63      63      0  0.0000        0
artemide                    912   200     200     0       0      0  0.0000        0
cng                       45396   200      53   147     147     20  0.1000     4540
cng_feature               18709   200     189     0       0      0  0.0000        0
davissons                   365   200     200     0       0      0  0.0000        0
gorny                     12017   200     200     0       0      0  0.0000        0
heritage                   1137   200     200     0       0      0  0.0000        0
kuenker                    3410   200     199     1       1      0  0.0000        0
leu                      125929   200     192     0       0      0  0.0000        0
mashops                   83316   200     182     7       7      1  0.0050      417
naumann                   24263   200     191     1       1      0  0.0000        0
nomos                     12524   200     200     0       0      0  0.0000        0
noonans                    1467   200     200     0       0      0  0.0000        0
numisbids                   790   200     200     0       0      0  0.0000        0
obolos                    40007   200     199     1       1      0  0.0000        0
spink                       152   152     152     0       0      0  0.0000        0
stacksbowers               1353   200     199     1       1      1  0.0050        7
TOTAL in-scope bound     374627                                                5225

-> specs/results/m1_ab/census.csv
-> specs/results/m1_ab/census.json  (103s)
