changed-behavior sides (crossing 110): 12
  wrote 755397_rev_query518.png
  wrote 755397_rev_fullres.png
  wrote 755613_rev_query518.png
  wrote 755613_rev_fullres.png
  wrote 755614_obv_query518.png
  wrote 755614_obv_fullres.png
  wrote 755614_rev_query518.png
  wrote 755614_rev_fullres.png
  wrote 755617_obv_query518.png
  wrote 755617_obv_fullres.png
  wrote 755617_rev_query518.png
  wrote 755617_rev_fullres.png
  wrote 755618_obv_query518.png
  wrote 755618_obv_fullres.png
  wrote 755618_rev_query518.png
  wrote 755618_rev_fullres.png
  wrote 755619_obv_query518.png
  wrote 755619_obv_fullres.png
  wrote 755619_rev_query518.png
  wrote 755619_rev_fullres.png
  wrote 755654_obv_query518.png
  wrote 755654_obv_fullres.png
  wrote 755654_rev_query518.png
  wrote 755654_rev_fullres.png
-> worksheet specs/results/m1_ab/bar4a_adjudication.csv
-> 24 panels in specs/results/m1_ab/overlays
